[2025-05-02 12:22:21] [INFO] Login attempt for email: mail@notabhay.xyz {"request_uri":"\/login-process"}
[2025-05-02 12:22:22] [INFO] Successful login for user ID: 2 {"request_uri":"\/login-process"}
[2025-05-02 12:22:44] [INFO] Buy Now order created successfully - Order ID: 8 {"request_uri":"\/api\/orders.php","user_id":2}
[2025-05-02 12:32:31] [INFO] Buy Now order created successfully - Order ID: 10 {"request_uri":"\/api\/orders.php","user_id":2}
[2025-05-02 21:03:20] [WARNING] Undefined array key "product_id" {"file":"\/Users\/kirtanpatel\/Downloads\/Advanced Web Technologies CSC-30025\/Examinations\/v14.4\/grocery_store\/tests\/direct_test_api.php","line":53,"error_number":2,"request_uri":"\/direct_test_api.php","user_id":2}
[2025-05-02 21:03:20] [WARNING] Undefined array key "product_name" {"file":"\/Users\/kirtanpatel\/Downloads\/Advanced Web Technologies CSC-30025\/Examinations\/v14.4\/grocery_store\/tests\/direct_test_api.php","line":54,"error_number":2,"request_uri":"\/direct_test_api.php","user_id":2}
[2025-05-02 21:03:20] [WARNING] Undefined array key "price" {"file":"\/Users\/kirtanpatel\/Downloads\/Advanced Web Technologies CSC-30025\/Examinations\/v14.4\/grocery_store\/tests\/direct_test_api.php","line":55,"error_number":2,"request_uri":"\/direct_test_api.php","user_id":2}
[2025-05-02 21:03:20] [WARNING] Undefined array key "image_path" {"file":"\/Users\/kirtanpatel\/Downloads\/Advanced Web Technologies CSC-30025\/Examinations\/v14.4\/grocery_store\/tests\/direct_test_api.php","line":56,"error_number":2,"request_uri":"\/direct_test_api.php","user_id":2}
[2025-05-02 21:03:20] [WARNING] Undefined array key "quantity" {"file":"\/Users\/kirtanpatel\/Downloads\/Advanced Web Technologies CSC-30025\/Examinations\/v14.4\/grocery_store\/tests\/direct_test_api.php","line":58,"error_number":2,"request_uri":"\/direct_test_api.php","user_id":2}
[2025-05-02 21:03:20] [WARNING] Undefined array key "price" {"file":"\/Users\/kirtanpatel\/Downloads\/Advanced Web Technologies CSC-30025\/Examinations\/v14.4\/grocery_store\/tests\/direct_test_api.php","line":59,"error_number":2,"request_uri":"\/direct_test_api.php","user_id":2}
[2025-05-02 21:03:20] [WARNING] Undefined array key "quantity" {"file":"\/Users\/kirtanpatel\/Downloads\/Advanced Web Technologies CSC-30025\/Examinations\/v14.4\/grocery_store\/tests\/direct_test_api.php","line":59,"error_number":2,"request_uri":"\/direct_test_api.php","user_id":2}
[2025-05-02 21:03:20] [WARNING] Undefined array key "price" {"file":"\/Users\/kirtanpatel\/Downloads\/Advanced Web Technologies CSC-30025\/Examinations\/v14.4\/grocery_store\/tests\/direct_test_api.php","line":60,"error_number":2,"request_uri":"\/direct_test_api.php","user_id":2}
[2025-05-02 21:03:20] [WARNING] Undefined array key "quantity" {"file":"\/Users\/kirtanpatel\/Downloads\/Advanced Web Technologies CSC-30025\/Examinations\/v14.4\/grocery_store\/tests\/direct_test_api.php","line":60,"error_number":2,"request_uri":"\/direct_test_api.php","user_id":2}
[2025-05-02 21:03:20] [WARNING] Undefined array key "product_id" {"file":"\/Users\/kirtanpatel\/Downloads\/Advanced Web Technologies CSC-30025\/Examinations\/v14.4\/grocery_store\/tests\/direct_test_api.php","line":53,"error_number":2,"request_uri":"\/direct_test_api.php","user_id":2}
[2025-05-02 21:03:20] [WARNING] Undefined array key "product_name" {"file":"\/Users\/kirtanpatel\/Downloads\/Advanced Web Technologies CSC-30025\/Examinations\/v14.4\/grocery_store\/tests\/direct_test_api.php","line":54,"error_number":2,"request_uri":"\/direct_test_api.php","user_id":2}
[2025-05-02 21:03:20] [WARNING] Undefined array key "price" {"file":"\/Users\/kirtanpatel\/Downloads\/Advanced Web Technologies CSC-30025\/Examinations\/v14.4\/grocery_store\/tests\/direct_test_api.php","line":55,"error_number":2,"request_uri":"\/direct_test_api.php","user_id":2}
[2025-05-02 21:03:20] [WARNING] Undefined array key "image_path" {"file":"\/Users\/kirtanpatel\/Downloads\/Advanced Web Technologies CSC-30025\/Examinations\/v14.4\/grocery_store\/tests\/direct_test_api.php","line":56,"error_number":2,"request_uri":"\/direct_test_api.php","user_id":2}
[2025-05-02 21:03:20] [WARNING] Undefined array key "quantity" {"file":"\/Users\/kirtanpatel\/Downloads\/Advanced Web Technologies CSC-30025\/Examinations\/v14.4\/grocery_store\/tests\/direct_test_api.php","line":58,"error_number":2,"request_uri":"\/direct_test_api.php","user_id":2}
[2025-05-02 21:03:20] [WARNING] Undefined array key "price" {"file":"\/Users\/kirtanpatel\/Downloads\/Advanced Web Technologies CSC-30025\/Examinations\/v14.4\/grocery_store\/tests\/direct_test_api.php","line":59,"error_number":2,"request_uri":"\/direct_test_api.php","user_id":2}
[2025-05-02 21:03:20] [WARNING] Undefined array key "quantity" {"file":"\/Users\/kirtanpatel\/Downloads\/Advanced Web Technologies CSC-30025\/Examinations\/v14.4\/grocery_store\/tests\/direct_test_api.php","line":59,"error_number":2,"request_uri":"\/direct_test_api.php","user_id":2}
[2025-05-02 21:03:20] [WARNING] Undefined array key "price" {"file":"\/Users\/kirtanpatel\/Downloads\/Advanced Web Technologies CSC-30025\/Examinations\/v14.4\/grocery_store\/tests\/direct_test_api.php","line":60,"error_number":2,"request_uri":"\/direct_test_api.php","user_id":2}
[2025-05-02 21:03:20] [WARNING] Undefined array key "quantity" {"file":"\/Users\/kirtanpatel\/Downloads\/Advanced Web Technologies CSC-30025\/Examinations\/v14.4\/grocery_store\/tests\/direct_test_api.php","line":60,"error_number":2,"request_uri":"\/direct_test_api.php","user_id":2}
[2025-05-02 21:03:30] [WARNING] Undefined array key "product_id" {"file":"\/Users\/kirtanpatel\/Downloads\/Advanced Web Technologies CSC-30025\/Examinations\/v14.4\/grocery_store\/tests\/direct_test_api.php","line":53,"error_number":2,"request_uri":"\/direct_test_api.php","user_id":2}
[2025-05-02 21:03:30] [WARNING] Undefined array key "product_name" {"file":"\/Users\/kirtanpatel\/Downloads\/Advanced Web Technologies CSC-30025\/Examinations\/v14.4\/grocery_store\/tests\/direct_test_api.php","line":54,"error_number":2,"request_uri":"\/direct_test_api.php","user_id":2}
[2025-05-02 21:03:30] [WARNING] Undefined array key "price" {"file":"\/Users\/kirtanpatel\/Downloads\/Advanced Web Technologies CSC-30025\/Examinations\/v14.4\/grocery_store\/tests\/direct_test_api.php","line":55,"error_number":2,"request_uri":"\/direct_test_api.php","user_id":2}
[2025-05-02 21:03:30] [WARNING] Undefined array key "image_path" {"file":"\/Users\/kirtanpatel\/Downloads\/Advanced Web Technologies CSC-30025\/Examinations\/v14.4\/grocery_store\/tests\/direct_test_api.php","line":56,"error_number":2,"request_uri":"\/direct_test_api.php","user_id":2}
[2025-05-02 21:03:30] [WARNING] Undefined array key "quantity" {"file":"\/Users\/kirtanpatel\/Downloads\/Advanced Web Technologies CSC-30025\/Examinations\/v14.4\/grocery_store\/tests\/direct_test_api.php","line":58,"error_number":2,"request_uri":"\/direct_test_api.php","user_id":2}
[2025-05-02 21:03:30] [WARNING] Undefined array key "price" {"file":"\/Users\/kirtanpatel\/Downloads\/Advanced Web Technologies CSC-30025\/Examinations\/v14.4\/grocery_store\/tests\/direct_test_api.php","line":59,"error_number":2,"request_uri":"\/direct_test_api.php","user_id":2}
[2025-05-02 21:03:30] [WARNING] Undefined array key "quantity" {"file":"\/Users\/kirtanpatel\/Downloads\/Advanced Web Technologies CSC-30025\/Examinations\/v14.4\/grocery_store\/tests\/direct_test_api.php","line":59,"error_number":2,"request_uri":"\/direct_test_api.php","user_id":2}
[2025-05-02 21:03:30] [WARNING] Undefined array key "price" {"file":"\/Users\/kirtanpatel\/Downloads\/Advanced Web Technologies CSC-30025\/Examinations\/v14.4\/grocery_store\/tests\/direct_test_api.php","line":60,"error_number":2,"request_uri":"\/direct_test_api.php","user_id":2}
[2025-05-02 21:03:30] [WARNING] Undefined array key "quantity" {"file":"\/Users\/kirtanpatel\/Downloads\/Advanced Web Technologies CSC-30025\/Examinations\/v14.4\/grocery_store\/tests\/direct_test_api.php","line":60,"error_number":2,"request_uri":"\/direct_test_api.php","user_id":2}
[2025-05-02 21:04:12] [WARNING] Undefined array key "product_id" {"file":"\/Users\/kirtanpatel\/Downloads\/Advanced Web Technologies CSC-30025\/Examinations\/v14.4\/grocery_store\/tests\/direct_test_api.php","line":53,"error_number":2,"request_uri":"\/direct_test_api.php","user_id":2}
[2025-05-02 21:04:12] [WARNING] Undefined array key "product_name" {"file":"\/Users\/kirtanpatel\/Downloads\/Advanced Web Technologies CSC-30025\/Examinations\/v14.4\/grocery_store\/tests\/direct_test_api.php","line":54,"error_number":2,"request_uri":"\/direct_test_api.php","user_id":2}
[2025-05-02 21:04:12] [WARNING] Undefined array key "price" {"file":"\/Users\/kirtanpatel\/Downloads\/Advanced Web Technologies CSC-30025\/Examinations\/v14.4\/grocery_store\/tests\/direct_test_api.php","line":55,"error_number":2,"request_uri":"\/direct_test_api.php","user_id":2}
[2025-05-02 21:04:12] [WARNING] Undefined array key "image_path" {"file":"\/Users\/kirtanpatel\/Downloads\/Advanced Web Technologies CSC-30025\/Examinations\/v14.4\/grocery_store\/tests\/direct_test_api.php","line":56,"error_number":2,"request_uri":"\/direct_test_api.php","user_id":2}
[2025-05-02 21:04:12] [WARNING] Undefined array key "quantity" {"file":"\/Users\/kirtanpatel\/Downloads\/Advanced Web Technologies CSC-30025\/Examinations\/v14.4\/grocery_store\/tests\/direct_test_api.php","line":58,"error_number":2,"request_uri":"\/direct_test_api.php","user_id":2}
[2025-05-02 21:04:12] [WARNING] Undefined array key "price" {"file":"\/Users\/kirtanpatel\/Downloads\/Advanced Web Technologies CSC-30025\/Examinations\/v14.4\/grocery_store\/tests\/direct_test_api.php","line":59,"error_number":2,"request_uri":"\/direct_test_api.php","user_id":2}
[2025-05-02 21:04:12] [WARNING] Undefined array key "quantity" {"file":"\/Users\/kirtanpatel\/Downloads\/Advanced Web Technologies CSC-30025\/Examinations\/v14.4\/grocery_store\/tests\/direct_test_api.php","line":59,"error_number":2,"request_uri":"\/direct_test_api.php","user_id":2}
[2025-05-02 21:04:12] [WARNING] Undefined array key "price" {"file":"\/Users\/kirtanpatel\/Downloads\/Advanced Web Technologies CSC-30025\/Examinations\/v14.4\/grocery_store\/tests\/direct_test_api.php","line":60,"error_number":2,"request_uri":"\/direct_test_api.php","user_id":2}
[2025-05-02 21:04:12] [WARNING] Undefined array key "quantity" {"file":"\/Users\/kirtanpatel\/Downloads\/Advanced Web Technologies CSC-30025\/Examinations\/v14.4\/grocery_store\/tests\/direct_test_api.php","line":60,"error_number":2,"request_uri":"\/direct_test_api.php","user_id":2}
[2025-05-02 21:04:17] [WARNING] Undefined array key "product_id" {"file":"\/Users\/kirtanpatel\/Downloads\/Advanced Web Technologies CSC-30025\/Examinations\/v14.4\/grocery_store\/tests\/direct_test_api.php","line":53,"error_number":2,"request_uri":"\/direct_test_api.php","user_id":2}
[2025-05-02 21:04:17] [WARNING] Undefined array key "product_name" {"file":"\/Users\/kirtanpatel\/Downloads\/Advanced Web Technologies CSC-30025\/Examinations\/v14.4\/grocery_store\/tests\/direct_test_api.php","line":54,"error_number":2,"request_uri":"\/direct_test_api.php","user_id":2}
[2025-05-02 21:04:17] [WARNING] Undefined array key "price" {"file":"\/Users\/kirtanpatel\/Downloads\/Advanced Web Technologies CSC-30025\/Examinations\/v14.4\/grocery_store\/tests\/direct_test_api.php","line":55,"error_number":2,"request_uri":"\/direct_test_api.php","user_id":2}
[2025-05-02 21:04:17] [WARNING] Undefined array key "image_path" {"file":"\/Users\/kirtanpatel\/Downloads\/Advanced Web Technologies CSC-30025\/Examinations\/v14.4\/grocery_store\/tests\/direct_test_api.php","line":56,"error_number":2,"request_uri":"\/direct_test_api.php","user_id":2}
[2025-05-02 21:04:17] [WARNING] Undefined array key "quantity" {"file":"\/Users\/kirtanpatel\/Downloads\/Advanced Web Technologies CSC-30025\/Examinations\/v14.4\/grocery_store\/tests\/direct_test_api.php","line":58,"error_number":2,"request_uri":"\/direct_test_api.php","user_id":2}
[2025-05-02 21:04:17] [WARNING] Undefined array key "price" {"file":"\/Users\/kirtanpatel\/Downloads\/Advanced Web Technologies CSC-30025\/Examinations\/v14.4\/grocery_store\/tests\/direct_test_api.php","line":59,"error_number":2,"request_uri":"\/direct_test_api.php","user_id":2}
[2025-05-02 21:04:17] [WARNING] Undefined array key "quantity" {"file":"\/Users\/kirtanpatel\/Downloads\/Advanced Web Technologies CSC-30025\/Examinations\/v14.4\/grocery_store\/tests\/direct_test_api.php","line":59,"error_number":2,"request_uri":"\/direct_test_api.php","user_id":2}
[2025-05-02 21:04:17] [WARNING] Undefined array key "price" {"file":"\/Users\/kirtanpatel\/Downloads\/Advanced Web Technologies CSC-30025\/Examinations\/v14.4\/grocery_store\/tests\/direct_test_api.php","line":60,"error_number":2,"request_uri":"\/direct_test_api.php","user_id":2}
[2025-05-02 21:04:17] [WARNING] Undefined array key "quantity" {"file":"\/Users\/kirtanpatel\/Downloads\/Advanced Web Technologies CSC-30025\/Examinations\/v14.4\/grocery_store\/tests\/direct_test_api.php","line":60,"error_number":2,"request_uri":"\/direct_test_api.php","user_id":2}
[2025-05-02 21:04:42] [WARNING] Undefined array key "product_id" {"file":"\/Users\/kirtanpatel\/Downloads\/Advanced Web Technologies CSC-30025\/Examinations\/v14.4\/grocery_store\/tests\/direct_test_api.php","line":53,"error_number":2,"request_uri":"\/direct_test_api.php","user_id":2}
[2025-05-02 21:04:42] [WARNING] Undefined array key "product_name" {"file":"\/Users\/kirtanpatel\/Downloads\/Advanced Web Technologies CSC-30025\/Examinations\/v14.4\/grocery_store\/tests\/direct_test_api.php","line":54,"error_number":2,"request_uri":"\/direct_test_api.php","user_id":2}
[2025-05-02 21:04:42] [WARNING] Undefined array key "price" {"file":"\/Users\/kirtanpatel\/Downloads\/Advanced Web Technologies CSC-30025\/Examinations\/v14.4\/grocery_store\/tests\/direct_test_api.php","line":55,"error_number":2,"request_uri":"\/direct_test_api.php","user_id":2}
[2025-05-02 21:04:42] [WARNING] Undefined array key "image_path" {"file":"\/Users\/kirtanpatel\/Downloads\/Advanced Web Technologies CSC-30025\/Examinations\/v14.4\/grocery_store\/tests\/direct_test_api.php","line":56,"error_number":2,"request_uri":"\/direct_test_api.php","user_id":2}
[2025-05-02 21:04:42] [WARNING] Undefined array key "quantity" {"file":"\/Users\/kirtanpatel\/Downloads\/Advanced Web Technologies CSC-30025\/Examinations\/v14.4\/grocery_store\/tests\/direct_test_api.php","line":58,"error_number":2,"request_uri":"\/direct_test_api.php","user_id":2}
[2025-05-02 21:04:42] [WARNING] Undefined array key "price" {"file":"\/Users\/kirtanpatel\/Downloads\/Advanced Web Technologies CSC-30025\/Examinations\/v14.4\/grocery_store\/tests\/direct_test_api.php","line":59,"error_number":2,"request_uri":"\/direct_test_api.php","user_id":2}
[2025-05-02 21:04:42] [WARNING] Undefined array key "quantity" {"file":"\/Users\/kirtanpatel\/Downloads\/Advanced Web Technologies CSC-30025\/Examinations\/v14.4\/grocery_store\/tests\/direct_test_api.php","line":59,"error_number":2,"request_uri":"\/direct_test_api.php","user_id":2}
[2025-05-02 21:04:42] [WARNING] Undefined array key "price" {"file":"\/Users\/kirtanpatel\/Downloads\/Advanced Web Technologies CSC-30025\/Examinations\/v14.4\/grocery_store\/tests\/direct_test_api.php","line":60,"error_number":2,"request_uri":"\/direct_test_api.php","user_id":2}
[2025-05-02 21:04:42] [WARNING] Undefined array key "quantity" {"file":"\/Users\/kirtanpatel\/Downloads\/Advanced Web Technologies CSC-30025\/Examinations\/v14.4\/grocery_store\/tests\/direct_test_api.php","line":60,"error_number":2,"request_uri":"\/direct_test_api.php","user_id":2}
[2025-05-02 21:04:47] [WARNING] Undefined array key "product_id" {"file":"\/Users\/kirtanpatel\/Downloads\/Advanced Web Technologies CSC-30025\/Examinations\/v14.4\/grocery_store\/tests\/direct_test_api.php","line":53,"error_number":2,"request_uri":"\/direct_test_api.php","user_id":2}
[2025-05-02 21:04:47] [WARNING] Undefined array key "product_name" {"file":"\/Users\/kirtanpatel\/Downloads\/Advanced Web Technologies CSC-30025\/Examinations\/v14.4\/grocery_store\/tests\/direct_test_api.php","line":54,"error_number":2,"request_uri":"\/direct_test_api.php","user_id":2}
[2025-05-02 21:04:47] [WARNING] Undefined array key "price" {"file":"\/Users\/kirtanpatel\/Downloads\/Advanced Web Technologies CSC-30025\/Examinations\/v14.4\/grocery_store\/tests\/direct_test_api.php","line":55,"error_number":2,"request_uri":"\/direct_test_api.php","user_id":2}
[2025-05-02 21:04:47] [WARNING] Undefined array key "image_path" {"file":"\/Users\/kirtanpatel\/Downloads\/Advanced Web Technologies CSC-30025\/Examinations\/v14.4\/grocery_store\/tests\/direct_test_api.php","line":56,"error_number":2,"request_uri":"\/direct_test_api.php","user_id":2}
[2025-05-02 21:04:47] [WARNING] Undefined array key "quantity" {"file":"\/Users\/kirtanpatel\/Downloads\/Advanced Web Technologies CSC-30025\/Examinations\/v14.4\/grocery_store\/tests\/direct_test_api.php","line":58,"error_number":2,"request_uri":"\/direct_test_api.php","user_id":2}
[2025-05-02 21:04:47] [WARNING] Undefined array key "price" {"file":"\/Users\/kirtanpatel\/Downloads\/Advanced Web Technologies CSC-30025\/Examinations\/v14.4\/grocery_store\/tests\/direct_test_api.php","line":59,"error_number":2,"request_uri":"\/direct_test_api.php","user_id":2}
[2025-05-02 21:04:47] [WARNING] Undefined array key "quantity" {"file":"\/Users\/kirtanpatel\/Downloads\/Advanced Web Technologies CSC-30025\/Examinations\/v14.4\/grocery_store\/tests\/direct_test_api.php","line":59,"error_number":2,"request_uri":"\/direct_test_api.php","user_id":2}
[2025-05-02 21:04:47] [WARNING] Undefined array key "price" {"file":"\/Users\/kirtanpatel\/Downloads\/Advanced Web Technologies CSC-30025\/Examinations\/v14.4\/grocery_store\/tests\/direct_test_api.php","line":60,"error_number":2,"request_uri":"\/direct_test_api.php","user_id":2}
[2025-05-02 21:04:47] [WARNING] Undefined array key "quantity" {"file":"\/Users\/kirtanpatel\/Downloads\/Advanced Web Technologies CSC-30025\/Examinations\/v14.4\/grocery_store\/tests\/direct_test_api.php","line":60,"error_number":2,"request_uri":"\/direct_test_api.php","user_id":2}
[2025-05-02 21:04:52] [WARNING] Undefined array key "product_id" {"file":"\/Users\/kirtanpatel\/Downloads\/Advanced Web Technologies CSC-30025\/Examinations\/v14.4\/grocery_store\/tests\/direct_test_api.php","line":53,"error_number":2,"request_uri":"\/direct_test_api.php","user_id":2}
[2025-05-02 21:04:52] [WARNING] Undefined array key "product_name" {"file":"\/Users\/kirtanpatel\/Downloads\/Advanced Web Technologies CSC-30025\/Examinations\/v14.4\/grocery_store\/tests\/direct_test_api.php","line":54,"error_number":2,"request_uri":"\/direct_test_api.php","user_id":2}
[2025-05-02 21:04:52] [WARNING] Undefined array key "price" {"file":"\/Users\/kirtanpatel\/Downloads\/Advanced Web Technologies CSC-30025\/Examinations\/v14.4\/grocery_store\/tests\/direct_test_api.php","line":55,"error_number":2,"request_uri":"\/direct_test_api.php","user_id":2}
[2025-05-02 21:04:52] [WARNING] Undefined array key "image_path" {"file":"\/Users\/kirtanpatel\/Downloads\/Advanced Web Technologies CSC-30025\/Examinations\/v14.4\/grocery_store\/tests\/direct_test_api.php","line":56,"error_number":2,"request_uri":"\/direct_test_api.php","user_id":2}
[2025-05-02 21:04:52] [WARNING] Undefined array key "quantity" {"file":"\/Users\/kirtanpatel\/Downloads\/Advanced Web Technologies CSC-30025\/Examinations\/v14.4\/grocery_store\/tests\/direct_test_api.php","line":58,"error_number":2,"request_uri":"\/direct_test_api.php","user_id":2}
[2025-05-02 21:04:52] [WARNING] Undefined array key "price" {"file":"\/Users\/kirtanpatel\/Downloads\/Advanced Web Technologies CSC-30025\/Examinations\/v14.4\/grocery_store\/tests\/direct_test_api.php","line":59,"error_number":2,"request_uri":"\/direct_test_api.php","user_id":2}
[2025-05-02 21:04:52] [WARNING] Undefined array key "quantity" {"file":"\/Users\/kirtanpatel\/Downloads\/Advanced Web Technologies CSC-30025\/Examinations\/v14.4\/grocery_store\/tests\/direct_test_api.php","line":59,"error_number":2,"request_uri":"\/direct_test_api.php","user_id":2}
[2025-05-02 21:04:52] [WARNING] Undefined array key "price" {"file":"\/Users\/kirtanpatel\/Downloads\/Advanced Web Technologies CSC-30025\/Examinations\/v14.4\/grocery_store\/tests\/direct_test_api.php","line":60,"error_number":2,"request_uri":"\/direct_test_api.php","user_id":2}
[2025-05-02 21:04:52] [WARNING] Undefined array key "quantity" {"file":"\/Users\/kirtanpatel\/Downloads\/Advanced Web Technologies CSC-30025\/Examinations\/v14.4\/grocery_store\/tests\/direct_test_api.php","line":60,"error_number":2,"request_uri":"\/direct_test_api.php","user_id":2}
[2025-05-02 21:04:57] [WARNING] Undefined array key "product_id" {"file":"\/Users\/kirtanpatel\/Downloads\/Advanced Web Technologies CSC-30025\/Examinations\/v14.4\/grocery_store\/tests\/direct_test_api.php","line":53,"error_number":2,"request_uri":"\/direct_test_api.php","user_id":2}
[2025-05-02 21:04:57] [WARNING] Undefined array key "product_name" {"file":"\/Users\/kirtanpatel\/Downloads\/Advanced Web Technologies CSC-30025\/Examinations\/v14.4\/grocery_store\/tests\/direct_test_api.php","line":54,"error_number":2,"request_uri":"\/direct_test_api.php","user_id":2}
[2025-05-02 21:04:57] [WARNING] Undefined array key "price" {"file":"\/Users\/kirtanpatel\/Downloads\/Advanced Web Technologies CSC-30025\/Examinations\/v14.4\/grocery_store\/tests\/direct_test_api.php","line":55,"error_number":2,"request_uri":"\/direct_test_api.php","user_id":2}
[2025-05-02 21:04:57] [WARNING] Undefined array key "image_path" {"file":"\/Users\/kirtanpatel\/Downloads\/Advanced Web Technologies CSC-30025\/Examinations\/v14.4\/grocery_store\/tests\/direct_test_api.php","line":56,"error_number":2,"request_uri":"\/direct_test_api.php","user_id":2}
[2025-05-02 21:04:57] [WARNING] Undefined array key "quantity" {"file":"\/Users\/kirtanpatel\/Downloads\/Advanced Web Technologies CSC-30025\/Examinations\/v14.4\/grocery_store\/tests\/direct_test_api.php","line":58,"error_number":2,"request_uri":"\/direct_test_api.php","user_id":2}
[2025-05-02 21:04:57] [WARNING] Undefined array key "price" {"file":"\/Users\/kirtanpatel\/Downloads\/Advanced Web Technologies CSC-30025\/Examinations\/v14.4\/grocery_store\/tests\/direct_test_api.php","line":59,"error_number":2,"request_uri":"\/direct_test_api.php","user_id":2}
[2025-05-02 21:04:57] [WARNING] Undefined array key "quantity" {"file":"\/Users\/kirtanpatel\/Downloads\/Advanced Web Technologies CSC-30025\/Examinations\/v14.4\/grocery_store\/tests\/direct_test_api.php","line":59,"error_number":2,"request_uri":"\/direct_test_api.php","user_id":2}
[2025-05-02 21:04:57] [WARNING] Undefined array key "price" {"file":"\/Users\/kirtanpatel\/Downloads\/Advanced Web Technologies CSC-30025\/Examinations\/v14.4\/grocery_store\/tests\/direct_test_api.php","line":60,"error_number":2,"request_uri":"\/direct_test_api.php","user_id":2}
[2025-05-02 21:04:57] [WARNING] Undefined array key "quantity" {"file":"\/Users\/kirtanpatel\/Downloads\/Advanced Web Technologies CSC-30025\/Examinations\/v14.4\/grocery_store\/tests\/direct_test_api.php","line":60,"error_number":2,"request_uri":"\/direct_test_api.php","user_id":2}
[2025-05-02 21:05:12] [WARNING] Undefined array key "product_id" {"file":"\/Users\/kirtanpatel\/Downloads\/Advanced Web Technologies CSC-30025\/Examinations\/v14.4\/grocery_store\/tests\/direct_test_api.php","line":53,"error_number":2,"request_uri":"\/direct_test_api.php","user_id":2}
[2025-05-02 21:05:12] [WARNING] Undefined array key "product_name" {"file":"\/Users\/kirtanpatel\/Downloads\/Advanced Web Technologies CSC-30025\/Examinations\/v14.4\/grocery_store\/tests\/direct_test_api.php","line":54,"error_number":2,"request_uri":"\/direct_test_api.php","user_id":2}
[2025-05-02 21:05:12] [WARNING] Undefined array key "price" {"file":"\/Users\/kirtanpatel\/Downloads\/Advanced Web Technologies CSC-30025\/Examinations\/v14.4\/grocery_store\/tests\/direct_test_api.php","line":55,"error_number":2,"request_uri":"\/direct_test_api.php","user_id":2}
[2025-05-02 21:05:12] [WARNING] Undefined array key "image_path" {"file":"\/Users\/kirtanpatel\/Downloads\/Advanced Web Technologies CSC-30025\/Examinations\/v14.4\/grocery_store\/tests\/direct_test_api.php","line":56,"error_number":2,"request_uri":"\/direct_test_api.php","user_id":2}
[2025-05-02 21:05:12] [WARNING] Undefined array key "quantity" {"file":"\/Users\/kirtanpatel\/Downloads\/Advanced Web Technologies CSC-30025\/Examinations\/v14.4\/grocery_store\/tests\/direct_test_api.php","line":58,"error_number":2,"request_uri":"\/direct_test_api.php","user_id":2}
[2025-05-02 21:05:12] [WARNING] Undefined array key "price" {"file":"\/Users\/kirtanpatel\/Downloads\/Advanced Web Technologies CSC-30025\/Examinations\/v14.4\/grocery_store\/tests\/direct_test_api.php","line":59,"error_number":2,"request_uri":"\/direct_test_api.php","user_id":2}
[2025-05-02 21:05:12] [WARNING] Undefined array key "quantity" {"file":"\/Users\/kirtanpatel\/Downloads\/Advanced Web Technologies CSC-30025\/Examinations\/v14.4\/grocery_store\/tests\/direct_test_api.php","line":59,"error_number":2,"request_uri":"\/direct_test_api.php","user_id":2}
[2025-05-02 21:05:12] [WARNING] Undefined array key "price" {"file":"\/Users\/kirtanpatel\/Downloads\/Advanced Web Technologies CSC-30025\/Examinations\/v14.4\/grocery_store\/tests\/direct_test_api.php","line":60,"error_number":2,"request_uri":"\/direct_test_api.php","user_id":2}
[2025-05-02 21:05:12] [WARNING] Undefined array key "quantity" {"file":"\/Users\/kirtanpatel\/Downloads\/Advanced Web Technologies CSC-30025\/Examinations\/v14.4\/grocery_store\/tests\/direct_test_api.php","line":60,"error_number":2,"request_uri":"\/direct_test_api.php","user_id":2}
[2025-05-02 21:11:12] [WARNING] Undefined array key "product_id" {"file":"\/Users\/kirtanpatel\/Downloads\/Advanced Web Technologies CSC-30025\/Examinations\/v14.4\/grocery_store\/tests\/direct_test_api.php","line":53,"error_number":2,"request_uri":"\/direct_test_api.php","user_id":2}
[2025-05-02 21:11:12] [WARNING] Undefined array key "product_name" {"file":"\/Users\/kirtanpatel\/Downloads\/Advanced Web Technologies CSC-30025\/Examinations\/v14.4\/grocery_store\/tests\/direct_test_api.php","line":54,"error_number":2,"request_uri":"\/direct_test_api.php","user_id":2}
[2025-05-02 21:11:12] [WARNING] Undefined array key "price" {"file":"\/Users\/kirtanpatel\/Downloads\/Advanced Web Technologies CSC-30025\/Examinations\/v14.4\/grocery_store\/tests\/direct_test_api.php","line":55,"error_number":2,"request_uri":"\/direct_test_api.php","user_id":2}
[2025-05-02 21:11:12] [WARNING] Undefined array key "image_path" {"file":"\/Users\/kirtanpatel\/Downloads\/Advanced Web Technologies CSC-30025\/Examinations\/v14.4\/grocery_store\/tests\/direct_test_api.php","line":56,"error_number":2,"request_uri":"\/direct_test_api.php","user_id":2}
[2025-05-02 21:11:12] [WARNING] Undefined array key "quantity" {"file":"\/Users\/kirtanpatel\/Downloads\/Advanced Web Technologies CSC-30025\/Examinations\/v14.4\/grocery_store\/tests\/direct_test_api.php","line":58,"error_number":2,"request_uri":"\/direct_test_api.php","user_id":2}
[2025-05-02 21:11:12] [WARNING] Undefined array key "price" {"file":"\/Users\/kirtanpatel\/Downloads\/Advanced Web Technologies CSC-30025\/Examinations\/v14.4\/grocery_store\/tests\/direct_test_api.php","line":59,"error_number":2,"request_uri":"\/direct_test_api.php","user_id":2}
[2025-05-02 21:11:12] [WARNING] Undefined array key "quantity" {"file":"\/Users\/kirtanpatel\/Downloads\/Advanced Web Technologies CSC-30025\/Examinations\/v14.4\/grocery_store\/tests\/direct_test_api.php","line":59,"error_number":2,"request_uri":"\/direct_test_api.php","user_id":2}
[2025-05-02 21:11:12] [WARNING] Undefined array key "price" {"file":"\/Users\/kirtanpatel\/Downloads\/Advanced Web Technologies CSC-30025\/Examinations\/v14.4\/grocery_store\/tests\/direct_test_api.php","line":60,"error_number":2,"request_uri":"\/direct_test_api.php","user_id":2}
[2025-05-02 21:11:12] [WARNING] Undefined array key "quantity" {"file":"\/Users\/kirtanpatel\/Downloads\/Advanced Web Technologies CSC-30025\/Examinations\/v14.4\/grocery_store\/tests\/direct_test_api.php","line":60,"error_number":2,"request_uri":"\/direct_test_api.php","user_id":2}
[2025-05-02 21:11:23] [INFO] htmlspecialchars(): Passing null to parameter #1 ($string) of type string is deprecated {"file":"\/Users\/kirtanpatel\/Downloads\/Advanced Web Technologies CSC-30025\/Examinations\/v14.4\/grocery_store\/tests\/db_structure_check.php","line":33,"error_number":8192,"request_uri":"\/db_structure_check.php","user_id":2}
[2025-05-02 21:11:23] [INFO] htmlspecialchars(): Passing null to parameter #1 ($string) of type string is deprecated {"file":"\/Users\/kirtanpatel\/Downloads\/Advanced Web Technologies CSC-30025\/Examinations\/v14.4\/grocery_store\/tests\/db_structure_check.php","line":33,"error_number":8192,"request_uri":"\/db_structure_check.php","user_id":2}
[2025-05-02 21:11:23] [INFO] htmlspecialchars(): Passing null to parameter #1 ($string) of type string is deprecated {"file":"\/Users\/kirtanpatel\/Downloads\/Advanced Web Technologies CSC-30025\/Examinations\/v14.4\/grocery_store\/tests\/db_structure_check.php","line":33,"error_number":8192,"request_uri":"\/db_structure_check.php","user_id":2}
[2025-05-02 21:11:23] [INFO] htmlspecialchars(): Passing null to parameter #1 ($string) of type string is deprecated {"file":"\/Users\/kirtanpatel\/Downloads\/Advanced Web Technologies CSC-30025\/Examinations\/v14.4\/grocery_store\/tests\/db_structure_check.php","line":33,"error_number":8192,"request_uri":"\/db_structure_check.php","user_id":2}
[2025-05-02 21:11:23] [INFO] htmlspecialchars(): Passing null to parameter #1 ($string) of type string is deprecated {"file":"\/Users\/kirtanpatel\/Downloads\/Advanced Web Technologies CSC-30025\/Examinations\/v14.4\/grocery_store\/tests\/db_structure_check.php","line":33,"error_number":8192,"request_uri":"\/db_structure_check.php","user_id":2}
[2025-05-02 21:11:23] [INFO] htmlspecialchars(): Passing null to parameter #1 ($string) of type string is deprecated {"file":"\/Users\/kirtanpatel\/Downloads\/Advanced Web Technologies CSC-30025\/Examinations\/v14.4\/grocery_store\/tests\/db_structure_check.php","line":33,"error_number":8192,"request_uri":"\/db_structure_check.php","user_id":2}
[2025-05-02 21:11:23] [INFO] htmlspecialchars(): Passing null to parameter #1 ($string) of type string is deprecated {"file":"\/Users\/kirtanpatel\/Downloads\/Advanced Web Technologies CSC-30025\/Examinations\/v14.4\/grocery_store\/tests\/db_structure_check.php","line":33,"error_number":8192,"request_uri":"\/db_structure_check.php","user_id":2}
[2025-05-02 21:11:23] [INFO] htmlspecialchars(): Passing null to parameter #1 ($string) of type string is deprecated {"file":"\/Users\/kirtanpatel\/Downloads\/Advanced Web Technologies CSC-30025\/Examinations\/v14.4\/grocery_store\/tests\/db_structure_check.php","line":33,"error_number":8192,"request_uri":"\/db_structure_check.php","user_id":2}
[2025-05-02 21:11:23] [INFO] htmlspecialchars(): Passing null to parameter #1 ($string) of type string is deprecated {"file":"\/Users\/kirtanpatel\/Downloads\/Advanced Web Technologies CSC-30025\/Examinations\/v14.4\/grocery_store\/tests\/db_structure_check.php","line":33,"error_number":8192,"request_uri":"\/db_structure_check.php","user_id":2}
[2025-05-02 21:11:23] [INFO] htmlspecialchars(): Passing null to parameter #1 ($string) of type string is deprecated {"file":"\/Users\/kirtanpatel\/Downloads\/Advanced Web Technologies CSC-30025\/Examinations\/v14.4\/grocery_store\/tests\/db_structure_check.php","line":33,"error_number":8192,"request_uri":"\/db_structure_check.php","user_id":2}
[2025-05-02 21:11:23] [INFO] htmlspecialchars(): Passing null to parameter #1 ($string) of type string is deprecated {"file":"\/Users\/kirtanpatel\/Downloads\/Advanced Web Technologies CSC-30025\/Examinations\/v14.4\/grocery_store\/tests\/db_structure_check.php","line":33,"error_number":8192,"request_uri":"\/db_structure_check.php","user_id":2}
[2025-05-02 21:11:23] [INFO] htmlspecialchars(): Passing null to parameter #1 ($string) of type string is deprecated {"file":"\/Users\/kirtanpatel\/Downloads\/Advanced Web Technologies CSC-30025\/Examinations\/v14.4\/grocery_store\/tests\/db_structure_check.php","line":33,"error_number":8192,"request_uri":"\/db_structure_check.php","user_id":2}
[2025-05-02 21:11:23] [INFO] htmlspecialchars(): Passing null to parameter #1 ($string) of type string is deprecated {"file":"\/Users\/kirtanpatel\/Downloads\/Advanced Web Technologies CSC-30025\/Examinations\/v14.4\/grocery_store\/tests\/db_structure_check.php","line":33,"error_number":8192,"request_uri":"\/db_structure_check.php","user_id":2}
[2025-05-02 21:11:23] [INFO] htmlspecialchars(): Passing null to parameter #1 ($string) of type string is deprecated {"file":"\/Users\/kirtanpatel\/Downloads\/Advanced Web Technologies CSC-30025\/Examinations\/v14.4\/grocery_store\/tests\/db_structure_check.php","line":33,"error_number":8192,"request_uri":"\/db_structure_check.php","user_id":2}
[2025-05-02 21:11:23] [INFO] htmlspecialchars(): Passing null to parameter #1 ($string) of type string is deprecated {"file":"\/Users\/kirtanpatel\/Downloads\/Advanced Web Technologies CSC-30025\/Examinations\/v14.4\/grocery_store\/tests\/db_structure_check.php","line":33,"error_number":8192,"request_uri":"\/db_structure_check.php","user_id":2}
[2025-05-02 21:11:23] [INFO] htmlspecialchars(): Passing null to parameter #1 ($string) of type string is deprecated {"file":"\/Users\/kirtanpatel\/Downloads\/Advanced Web Technologies CSC-30025\/Examinations\/v14.4\/grocery_store\/tests\/db_structure_check.php","line":33,"error_number":8192,"request_uri":"\/db_structure_check.php","user_id":2}
[2025-05-02 21:11:23] [INFO] htmlspecialchars(): Passing null to parameter #1 ($string) of type string is deprecated {"file":"\/Users\/kirtanpatel\/Downloads\/Advanced Web Technologies CSC-30025\/Examinations\/v14.4\/grocery_store\/tests\/db_structure_check.php","line":33,"error_number":8192,"request_uri":"\/db_structure_check.php","user_id":2}
[2025-05-02 21:11:23] [INFO] htmlspecialchars(): Passing null to parameter #1 ($string) of type string is deprecated {"file":"\/Users\/kirtanpatel\/Downloads\/Advanced Web Technologies CSC-30025\/Examinations\/v14.4\/grocery_store\/tests\/db_structure_check.php","line":33,"error_number":8192,"request_uri":"\/db_structure_check.php","user_id":2}
[2025-05-02 21:11:23] [INFO] htmlspecialchars(): Passing null to parameter #1 ($string) of type string is deprecated {"file":"\/Users\/kirtanpatel\/Downloads\/Advanced Web Technologies CSC-30025\/Examinations\/v14.4\/grocery_store\/tests\/db_structure_check.php","line":33,"error_number":8192,"request_uri":"\/db_structure_check.php","user_id":2}
[2025-05-02 21:11:23] [INFO] htmlspecialchars(): Passing null to parameter #1 ($string) of type string is deprecated {"file":"\/Users\/kirtanpatel\/Downloads\/Advanced Web Technologies CSC-30025\/Examinations\/v14.4\/grocery_store\/tests\/db_structure_check.php","line":33,"error_number":8192,"request_uri":"\/db_structure_check.php","user_id":2}
[2025-05-02 21:11:23] [INFO] htmlspecialchars(): Passing null to parameter #1 ($string) of type string is deprecated {"file":"\/Users\/kirtanpatel\/Downloads\/Advanced Web Technologies CSC-30025\/Examinations\/v14.4\/grocery_store\/tests\/db_structure_check.php","line":33,"error_number":8192,"request_uri":"\/db_structure_check.php","user_id":2}
[2025-05-02 21:11:23] [INFO] htmlspecialchars(): Passing null to parameter #1 ($string) of type string is deprecated {"file":"\/Users\/kirtanpatel\/Downloads\/Advanced Web Technologies CSC-30025\/Examinations\/v14.4\/grocery_store\/tests\/db_structure_check.php","line":33,"error_number":8192,"request_uri":"\/db_structure_check.php","user_id":2}
[2025-05-02 21:11:23] [INFO] htmlspecialchars(): Passing null to parameter #1 ($string) of type string is deprecated {"file":"\/Users\/kirtanpatel\/Downloads\/Advanced Web Technologies CSC-30025\/Examinations\/v14.4\/grocery_store\/tests\/db_structure_check.php","line":33,"error_number":8192,"request_uri":"\/db_structure_check.php","user_id":2}
[2025-05-02 21:22:44] [INFO] Buy Now order created successfully - Order ID: 14 {"request_uri":"\/api\/orders.php","user_id":2}
